Error: Playwright Test did not expect test.describe() to be called here.
Most common reasons include:
- You are calling test.describe() in a configuration file.
- You are calling test.describe() in a file that is imported by the configuration file.
- You have two different versions of @playwright/test. This usually happens
  when one of the dependencies in your package.json depends on @playwright/test.

   at v2\frontend\e2e\app.spec.ts:21

  19 | }
  20 |
> 21 | test.describe('Authentication', () => {
     |      ^
  22 |   test('should display login page', async ({ page }) => {
  23 |     await page.goto('/login');
  24 |     
    at TestTypeImpl._currentSuite (C:\Users\PC\Desktop\anti2\v2\frontend\node_modules\playwright\lib\common\testType.js:75:13)
    at TestTypeImpl._describe (C:\Users\PC\Desktop\anti2\v2\frontend\node_modules\playwright\lib\common\testType.js:115:24)
    at Function.describe (C:\Users\PC\Desktop\anti2\v2\frontend\node_modules\playwright\lib\transform\transform.js:275:12)
    at C:\Users\PC\Desktop\anti2\v2\frontend\e2e\app.spec.ts:21:6
Error: No tests found.
Make sure that arguments are regular expressions matching test files.
You may need to escape symbols like "$" or "*" and quote the arguments.

